Component: ARM Compiler 5.06 update 6 (build 750) Tool: armlink [4d35ed]

==============================================================================

Section Cross References

    startup_stm32f411xe.o(RESET) refers to startup_stm32f411xe.o(STACK) for __initial_sp
    startup_stm32f411xe.o(RESET) refers to startup_stm32f411xe.o(.text) for Reset_Handler
    startup_stm32f411xe.o(RESET) refers to stm32f4xx_it.o(i.NMI_Handler) for NMI_Handler
    startup_stm32f411xe.o(RESET) refers to stm32f4xx_it.o(i.HardFault_Handler) for HardFault_Handler
    startup_stm32f411xe.o(RESET) refers to stm32f4xx_it.o(i.MemManage_Handler) for MemManage_Handler
    startup_stm32f411xe.o(RESET) refers to stm32f4xx_it.o(i.BusFault_Handler) for BusFault_Handler
    startup_stm32f411xe.o(RESET) refers to stm32f4xx_it.o(i.UsageFault_Handler) for UsageFault_Handler
    startup_stm32f411xe.o(RESET) refers to stm32f4xx_it.o(i.SVC_Handler) for SVC_Handler
    startup_stm32f411xe.o(RESET) refers to stm32f4xx_it.o(i.DebugMon_Handler) for DebugMon_Handler
    startup_stm32f411xe.o(RESET) refers to stm32f4xx_it.o(i.PendSV_Handler) for PendSV_Handler
    startup_stm32f411xe.o(RESET) refers to stm32f4xx_it.o(i.SysTick_Handler) for SysTick_Handler
    startup_stm32f411xe.o(RESET) refers to stm32f4xx_it.o(i.USART1_IRQHandler) for USART1_IRQHandler
    startup_stm32f411xe.o(.text) refers to system_stm32f4xx.o(i.SystemInit) for SystemInit
    startup_stm32f411xe.o(.text) refers to entry.o(.ARM.Collect$$$$00000000) for __main
    network.o(i.ai_network_create) refers to ai_platform_interface.o(i.ai_platform_network_create) for ai_platform_network_create
    network.o(i.ai_network_create) refers to network.o(.data) for .data
    network.o(i.ai_network_create_and_init) refers to network.o(i.ai_network_create) for ai_network_create
    network.o(i.ai_network_create_and_init) refers to network_data.o(i.ai_network_data_params_get) for ai_network_data_params_get
    network.o(i.ai_network_create_and_init) refers to network.o(i.ai_network_get_error) for ai_network_get_error
    network.o(i.ai_network_create_and_init) refers to ai_platform.o(i.ai_buffer_array_item_set_address) for ai_buffer_array_item_set_address
    network.o(i.ai_network_create_and_init) refers to network.o(i.ai_network_init) for ai_network_init
    network.o(i.ai_network_destroy) refers to ai_platform_interface.o(i.ai_platform_network_destroy) for ai_platform_network_destroy
    network.o(i.ai_network_forward) refers to ai_platform_interface.o(i.ai_platform_network_process) for ai_platform_network_process
    network.o(i.ai_network_get_error) refers to ai_platform_interface.o(i.ai_platform_network_get_error) for ai_platform_network_get_error
    network.o(i.ai_network_get_info) refers to ai_platform_interface.o(i.ai_platform_context_acquire) for ai_platform_context_acquire
    network.o(i.ai_network_get_info) refers to memcpya.o(.text) for __aeabi_memcpy4
    network.o(i.ai_network_get_info) refers to ai_platform_interface.o(i.ai_platform_runtime_get_revision) for ai_platform_runtime_get_revision
    network.o(i.ai_network_get_info) refers to ai_platform_interface.o(i.ai_platform_runtime_get_version) for ai_platform_runtime_get_version
    network.o(i.ai_network_get_info) refers to ai_platform_interface.o(i.ai_platform_api_get_version) for ai_platform_api_get_version
    network.o(i.ai_network_get_info) refers to ai_platform_interface.o(i.ai_platform_interface_api_get_version) for ai_platform_interface_api_get_version
    network.o(i.ai_network_get_info) refers to ai_platform_interface.o(i.ai_platform_api_get_network_report) for ai_platform_api_get_network_report
    network.o(i.ai_network_get_info) refers to network.o(.constdata) for .constdata
    network.o(i.ai_network_get_report) refers to ai_platform_interface.o(i.ai_platform_context_acquire) for ai_platform_context_acquire
    network.o(i.ai_network_get_report) refers to memcpya.o(.text) for __aeabi_memcpy4
    network.o(i.ai_network_get_report) refers to ai_platform_interface.o(i.ai_platform_runtime_get_revision) for ai_platform_runtime_get_revision
    network.o(i.ai_network_get_report) refers to ai_platform_interface.o(i.ai_platform_runtime_get_version) for ai_platform_runtime_get_version
    network.o(i.ai_network_get_report) refers to ai_platform_interface.o(i.ai_platform_api_get_version) for ai_platform_api_get_version
    network.o(i.ai_network_get_report) refers to ai_platform_interface.o(i.ai_platform_interface_api_get_version) for ai_platform_interface_api_get_version
    network.o(i.ai_network_get_report) refers to ai_platform_interface.o(i.ai_platform_api_get_network_report) for ai_platform_api_get_network_report
    network.o(i.ai_network_get_report) refers to network.o(.constdata) for .constdata
    network.o(i.ai_network_init) refers to ai_platform_interface.o(i.ai_platform_network_init) for ai_platform_network_init
[...]
    i.fputc                                  0x080044fc   Section        0  main.o(i.fputc)
    i.get_tensor_byte_size                   0x08004514   Section        0  ai_datatypes_internal.o(i.get_tensor_byte_size)
    i.main                                   0x0800453c   Section        0  main.o(i.main)
    i.network_configure_activations          0x080046e8   Section        0  network.o(i.network_configure_activations)
    network_configure_activations            0x080046e9   Thumb Code    92  network.o(i.network_configure_activations)
    i.network_configure_weights              0x08004748   Section        0  network.o(i.network_configure_weights)
    network_configure_weights                0x08004749   Thumb Code   150  network.o(i.network_configure_weights)
    i.st_int8_copy                           0x080047e4   Section        0  st_int8_fill.o(i.st_int8_copy)
    .constdata                               0x08004874   Section        8  network.o(.constdata)
    softmax_chain                            0x08004874   Data           8  network.o(.constdata)
    .constdata                               0x0800487c   Section        8  network.o(.constdata)
    fc_3_MatMul_chain                        0x0800487c   Data           8  network.o(.constdata)
    .constdata                               0x08004884   Section        8  network.o(.constdata)
    relu_2_chain                             0x08004884   Data           8  network.o(.constdata)
    .constdata                               0x0800488c   Section        8  network.o(.constdata)
    fc_2_MatMul_chain                        0x0800488c   Data           8  network.o(.constdata)
    .constdata                               0x08004894   Section        8  network.o(.constdata)
    relu_1_chain                             0x08004894   Data           8  network.o(.constdata)
    .constdata                               0x0800489c   Section        8  network.o(.constdata)
    fc_1_Add_chain                           0x0800489c   Data           8  network.o(.constdata)
    .constdata                               0x080048a4   Section      104  network_data.o(.constdata)
    .constdata                               0x08004920   Section      976  network_data_params.o(.constdata)
    .constdata                               0x08004cf0   Section       16  system_stm32f4xx.o(.constdata)
    .constdata                               0x08004d00   Section        8  system_stm32f4xx.o(.constdata)
    .constdata                               0x08004d08   Section      104  ai_platform_interface.o(.constdata)
    .constdata                               0x08004d70   Section       48  expf.o(.constdata)
    twotokover4top                           0x08004d70   Data          16  expf.o(.constdata)
    twotokover4bot                           0x08004d80   Data          16  expf.o(.constdata)
    twotokover4all                           0x08004d90   Data          16  expf.o(.constdata)
    .constdata                               0x08004da0   Section       64  ctype_c.o(.constdata)
    .data                                    0x20000000   Section       16  network.o(.data)
    <Data1>                                  0x20000000   Data          16  network.o(.data)
    .data                                    0x20000010   Section       16  network.o(.data)
    <Data2>                                  0x20000010   Data          16  network.o(.data)
    .data                                    0x20000020   Section       16  network.o(.data)
    <Data3>                                  0x20000020   Data          16  network.o(.data)
    .data                                    0x20000030   Section       16  network.o(.data)
    <Data4>                                  0x20000030   Data          16  network.o(.data)
    .data                                    0x20000040   Section       16  network.o(.data)
    <Data5>                                  0x20000040   Data          16  network.o(.data)
    .data                                    0x20000050   Section       16  network.o(.data)
    <Data6>                                  0x20000050   Data          16  network.o(.data)
    .data                                    0x20000060   Section       16  network.o(.data)
    <Data7>                                  0x20000060   Data          16  network.o(.data)
    .data                                    0x20000070   Section       16  network.o(.data)
    <Data8>                                  0x20000070   Data          16  network.o(.data)
    .data                                    0x20000080   Section       16  network.o(.data)
    <Data9>                                  0x20000080   Data          16  network.o(.data)
    .data                                    0x20000090   Section       16  network.o(.data)
    <Data10>                                 0x20000090   Data          16  network.o(.data)
    .data                                    0x200000a0   Section       16  network.o(.data)
    <Data11>                                 0x200000a0   Data          16  network.o(.data)
    .data                                    0x200000b0   Section       16  network.o(.data)
    <Data12>                                 0x200000b0   Data          16  network.o(.data)
    .data                                    0x200000c0   Section       16  network.o(.data)
    <Data13>                                 0x200000c0   Data          16  network.o(.data)
    .data                                    0x200000d0   Section       16  network.o(.data)
    <Data14>                                 0x200000d0   Data          16  network.o(.data)
    .data                                    0x200000e0   Section       16  network.o(.data)
    <Data15>                                 0x200000e0   Data          16  network.o(.data)
    .data                                    0x200000f0   Section       16  network.o(.data)
    <Data16>                                 0x200000f0   Data          16  network.o(.data)
    .data                                    0x20000100   Section       16  network.o(.data)
    <Data17>                                 0x20000100   Data          16  network.o(.data)
    .data                                    0x20000110   Section       16  network.o(.data)
    <Data18>                                 0x20000110   Data          16  network.o(.data)
    .data                                    0x20000120   Section       16  network.o(.data)
    <Data19>                                 0x20000120   Data          16  network.o(.data)
    .data                                    0x20000130   Section       16  network.o(.data)
    <Data20>                                 0x20000130   Data          16  network.o(.data)
    .data                                    0x20000140   Section       16  network.o(.data)
    <Data21>                                 0x20000140   Data          16  network.o(.data)
    .data                                    0x20000150   Section       16  network.o(.data)
    <Data22>                                 0x20000150   Data          16  network.o(.data)
    .data                                    0x20000160   Section       16  network.o(.data)
    <Data23>                                 0x20000160   Data          16  network.o(.data)
    .data                                    0x20000170   Section       16  network.o(.data)
    <Data24>                                 0x20000170   Data          16  network.o(.data)
    .data                                    0x20000180   Section       16  network.o(.data)
    <Data25>                                 0x20000180   Data          16  network.o(.data)
    .data                                    0x20000190   Section       16  network.o(.data)
    <Data26>                                 0x20000190   Data          16  network.o(.data)
    .data                                    0x200001a0   Section        4  network.o(.data)
    <Data27>                                 0x200001a0   Data           4  network.o(.data)
    .data                                    0x200001a4   Section        4  network.o(.data)
    <Data28>                                 0x200001a4   Data           4  network.o(.data)
    .data                                    0x200001a8   Section        4  network.o(.data)
    <Data29>                                 0x200001a8   Data           4  network.o(.data)
    .data                                    0x200001ac   Section        4  network.o(.data)
    <Data30>                                 0x200001ac   Data           4  network.o(.data)
    .data                                    0x200001b0   Section       48  network.o(.data)
    <Data31>                                 0x200001b0   Data          48  network.o(.data)
    .data                                    0x200001e0   Section        4  network.o(.data)
    <Data32>                                 0x200001e0   Data           4  network.o(.data)
    .data                                    0x200001e4   Section        4  network.o(.data)
    <Data33>                                 0x200001e4   Data           4  network.o(.data)
    .data                                    0x200001e8   Section        8  network.o(.data)
    <Data34>                                 0x200001e8   Data           8  network.o(.data)
    .data                                    0x200001f0   Section        4  network.o(.data)
    <Data35>                                 0x200001f0   Data           4  network.o(.data)
    .data                                    0x200001f4   Section       48  network.o(.data)
    <Data36>                                 0x200001f4   Data          48  network.o(.data)
    .data                                    0x20000224   Section        4  network.o(.data)
    <Data37>                                 0x20000224   Data           4  network.o(.data)
    .data                                    0x20000228   Section        4  network.o(.data)
    <Data38>                                 0x20000228   Data           4  network.o(.data)
    .data                                    0x2000022c   Section        4  network.o(.data)
    <Data39>                                 0x2000022c   Data           4  network.o(.data)
    .data                                    0x20000230   Section        4  network.o(.data)
    <Data40>                                 0x20000230   Data           4  network.o(.data)
    .data                                    0x20000234   Section       48  network.o(.data)
    <Data41>                                 0x20000234   Data          48  network.o(.data)
    .data                                    0x20000264   Section        4  network.o(.data)
    <Data42>                                 0x20000264   Data           4  network.o(.data)
    .data                                    0x20000268   Section        4  network.o(.data)
    <Data43>                                 0x20000268   Data           4  network.o(.data)
    .data                                    0x2000026c   Section        8  network.o(.data)
    <Data44>                                 0x2000026c   Data           8  network.o(.data)
    .data                                    0x20000274   Section        4  network.o(.data)
    <Data45>                                 0x20000274   Data           4  network.o(.data)
    .data                                    0x20000278   Section       48  network.o(.data)
    <Data46>                                 0x20000278   Data          48  network.o(.data)
    .data                                    0x200002a8   Section        4  network.o(.data)
    <Data47>                                 0x200002a8   Data           4  network.o(.data)
    .data                                    0x200002ac   Section        4  network.o(.data)
    <Data48>                                 0x200002ac   Data           4  network.o(.data)
    .data                                    0x200002b0   Section        4  network.o(.data)
    <Data49>                                 0x200002b0   Data           4  network.o(.data)
    .data                                    0x200002b4   Section        4  network.o(.data)
    <Data50>                                 0x200002b4   Data           4  network.o(.data)
    .data                                    0x200002b8   Section       48  network.o(.data)
    <Data51>                                 0x200002b8   Data          48  network.o(.data)
    .data                                    0x200002e8   Section        4  network.o(.data)
    <Data52>                                 0x200002e8   Data           4  network.o(.data)
    .data                                    0x200002ec   Section        4  network.o(.data)
    <Data53>                                 0x200002ec   Data           4  network.o(.data)
    .data                                    0x200002f0   Section        8  network.o(.data)
    <Data54>                                 0x200002f0   Data           8  network.o(.data)
    .data                                    0x200002f8   Section        4  network.o(.data)
    <Data55>                                 0x200002f8   Data           4  network.o(.data)
    .data                                    0x200002fc   Section       48  network.o(.data)
    <Data56>                                 0x200002fc   Data          48  network.o(.data)
    .data                                    0x2000032c   Section       16  network.o(.data)
    <Data57>                                 0x2000032c   Data          16  network.o(.data)
    .data                                    0x2000033c   Section       28  network.o(.data)
    <Data58>                                 0x2000033c   Data          28  network.o(.data)
    .data                                    0x20000358   Section       16  network.o(.data)
    <Data59>                                 0x20000358   Data          16  network.o(.data)
    .data                                    0x20000368   Section       28  network.o(.data)
    <Data60>                                 0x20000368   Data          28  network.o(.data)
    .data                                    0x20000384   Section        4  network.o(.data)
    <Data61>                                 0x20000384   Data           4  network.o(.data)
    .data                                    0x20000388   Section        8  network.o(.data)
    <Data64>                                 0x20000388   Data           8  network.o(.data)
    .data                                    0x20000390   Section       12  network.o(.data)
    <Data65>                                 0x20000390   Data          12  network.o(.data)
    .data                                    0x2000039c   Section        4  network.o(.data)
    <Data66>                                 0x2000039c   Data           4  network.o(.data)
    .data                                    0x200003a0   Section        8  network.o(.data)
    <Data69>                                 0x200003a0   Data           8  network.o(.data)
    .data                                    0x200003a8   Section       12  network.o(.data)
    <Data70>                                 0x200003a8   Data          12  network.o(.data)
    .data                                    0x200003b4   Section       24  network.o(.data)
    <Data71>                                 0x200003b4   Data          24  network.o(.data)
    .data                                    0x200003cc   Section      292  network.o(.data)
    g_network_activations_map                0x200003cc   Data           4  network.o(.data)
    g_network_weights_map                    0x200003d0   Data           4  network.o(.data)
    input_output_array                       0x200003d4   Data          16  network.o(.data)
    fc_1_Add_output_array                    0x200003e4   Data          16  network.o(.data)
    relu_1_output_array                      0x200003f4   Data          16  network.o(.data)
    fc_2_MatMul_output_array                 0x20000404   Data          16  network.o(.data)
    relu_2_output_array                      0x20000414   Data          16  network.o(.data)
    fc_3_MatMul_output_array                 0x20000424   Data          16  network.o(.data)
    softmax_output_array                     0x20000434   Data          16  network.o(.data)
    fc_1_Add_weights_array                   0x20000444   Data          16  network.o(.data)
    fc_1_Add_bias_array                      0x20000454   Data          16  network.o(.data)
    fc_2_MatMul_weights_array                0x20000464   Data          16  network.o(.data)
    fc_2_MatMul_bias_array                   0x20000474   Data          16  network.o(.data)
    fc_3_MatMul_weights_array                0x20000484   Data          16  network.o(.data)
    fc_3_MatMul_bias_array                   0x20000494   Data          16  network.o(.data)
    g_network                                0x200004a4   Data          76  network.o(.data)
    .data                                    0x200004f0   Section       28  network.o(.data)
    fc_1_Add_bias                            0x200004f0   Data          28  network.o(.data)
    .data                                    0x2000050c   Section       28  network.o(.data)
    fc_1_Add_output                          0x2000050c   Data          28  network.o(.data)
    .data                                    0x20000528   Section       28  network.o(.data)
    fc_1_Add_weights                         0x20000528   Data          28  network.o(.data)
    .data                                    0x20000544   Section       28  network.o(.data)
    fc_2_MatMul_bias                         0x20000544   Data          28  network.o(.data)
    .data                                    0x20000560   Section       28  network.o(.data)
    fc_2_MatMul_output                       0x20000560   Data          28  network.o(.data)
    .data                                    0x2000057c   Section       28  network.o(.data)
    fc_2_MatMul_weights                      0x2000057c   Data          28  network.o(.data)
    .data                                    0x20000598   Section       28  network.o(.data)
    fc_3_MatMul_bias                         0x20000598   Data          28  network.o(.data)
    .data                                    0x200005b4   Section       28  network.o(.data)
    fc_3_MatMul_output                       0x200005b4   Data          28  network.o(.data)
    .data                                    0x200005d0   Section       28  network.o(.data)
    fc_3_MatMul_weights                      0x200005d0   Data          28  network.o(.data)
    .data                                    0x200005ec   Section       28  network.o(.data)
    input_output                             0x200005ec   Data          28  network.o(.data)
    .data                                    0x20000608   Section       28  network.o(.data)
    relu_1_output                            0x20000608   Data          28  network.o(.data)
    .data                                    0x20000624   Section       28  network.o(.data)
    relu_2_output                            0x20000624   Data          28  network.o(.data)
    .data                                    0x20000640   Section       28  network.o(.data)
    softmax_output                           0x20000640   Data          28  network.o(.data)
    .data                                    0x2000065c   Section       36  network.o(.data)
    softmax_layer                            0x2000065c   Data          36  network.o(.data)
    .data                                    0x20000680   Section       28  network.o(.data)
    fc_3_MatMul_layer                        0x20000680   Data          28  network.o(.data)
    .data                                    0x2000069c   Section       32  network.o(.data)
    relu_2_layer                             0x2000069c   Data          32  network.o(.data)
    .data                                    0x200006bc   Section       28  network.o(.data)
    fc_2_MatMul_layer                        0x200006bc   Data          28  network.o(.data)
    .data                                    0x200006d8   Section       32  network.o(.data)
    relu_1_layer                             0x200006d8   Data          32  network.o(.data)
    .data                                    0x200006f8   Section       28  network.o(.data)
    fc_1_Add_layer                           0x200006f8   Data          28  network.o(.data)
    .data                                    0x20000714   Section       16  network_data.o(.data)
    <Data1>                                  0x20000714   Data          16  network_data.o(.data)
    .data                                    0x20000724   Section       16  network_data.o(.data)
    <Data2>                                  0x20000724   Data          16  network_data.o(.data)
    .data                                    0x20000734   Section       28  network_data.o(.data)
    .data                                    0x20000750   Section       28  network_data.o(.data)
    .data                                    0x2000076c   Section        4  main.o(.data)
    .data                                    0x20000770   Section       12  stm32f4xx_hal.o(.data)
    .data                                    0x2000077c   Section        4  system_stm32f4xx.o(.data)
    .data                                    0x20000780   Section        4  stdout.o(.data)
    .data                                    0x20000784   Section        4  errno.o(.data)
    _errno                                   0x20000784   Data           4  errno.o(.data)
    .bss                                     0x20000788   Section       28  network.o(.bss)
    <Data62>                                 0x20000788   Data          28  network.o(.bss)
    .bss                                     0x200007a4   Section       16  network.o(.bss)
    <Data63>                                 0x200007a4   Data          16  network.o(.bss)
    .bss                                     0x200007b4   Section       28  network.o(.bss)
    <Data67>                                 0x200007b4   Data          28  network.o(.bss)
    .bss                                     0x200007d0   Section       16  network.o(.bss)
    <Data68>                                 0x200007d0   Data          16  network.o(.bss)
    .bss                                     0x200007e0   Section      176  main.o(.bss)
    .bss                                     0x20000890   Section       72  usart.o(.bss)
    STACK                                    0x200008d8   Section     2048  startup_stm32f411xe.o(STACK)

    Global Symbols

    Symbol Name                              Value     Ov Type        Size  Object(Section)

    BuildAttributes$$THM_ISAv4$E$P$D$K$B$S$7EM$VFPi3$EXTD16$VFPS$VFMA$PE$A:L22UL41UL21$X:L11$S22US41US21$IEEE1$IW$USESV6$~STKCKD$USESV7$~SHL$OTIME$ROPI$IEEEX$EBA8$MICROLIB$REQ8$PRES8$EABIv2 0x00000000   Number         0  anon$$obj.o ABSOLUTE
    __ARM_use_no_argv                        0x00000000   Number         0  main.o ABSOLUTE
    _printf_a                                0x00000000   Number         0  stubs.o ABSOLUTE
    _printf_c                                0x00000000   Number         0  stubs.o ABSOLUTE
    _printf_charcount                        0x00000000   Number         0  stubs.o ABSOLUTE
    _printf_d                                0x00000000   Number         0  stubs.o ABSOLUTE
    _printf_e                                0x00000000   Number         0  stubs.o ABSOLUTE
    _printf_f                                0x00000000   Number         0  stubs.o ABSOLUTE
    _printf_flags                            0x00000000   Number         0  stubs.o ABSOLUTE
    _printf_fp_dec                           0x00000000   Number         0  stubs.o ABSOLUTE
    _printf_fp_hex                           0x00000000   Number         0  stubs.o ABSOLUTE
    _printf_g                                0x00000000   Number         0  stubs.o ABSOLUTE
    _printf_i                                0x00000000   Number         0  stubs.o ABSOLUTE
    _printf_int_dec                          0x00000000   Number         0  stubs.o ABSOLUTE
    _printf_l                                0x00000000   Number         0  stubs.o ABSOLUTE
    _printf_lc                               0x00000000   Number         0  stubs.o ABSOLUTE
    _printf_ll                               0x00000000   Number         0  stubs.o ABSOLUTE
    _printf_lld                              0x00000000   Number         0  stubs.o ABSOLUTE
    _printf_lli                              0x00000000   Number         0  stubs.o ABSOLUTE
    _printf_llo                              0x00000000   Number         0  stubs.o ABSOLUTE
    _printf_llu                              0x00000000   Number         0  stubs.o ABSOLUTE
    _printf_llx                              0x00000000   Number         0  stubs.o ABSOLUTE
    _printf_longlong_dec                     0x00000000   Number         0  stubs.o ABSOLUTE
    _printf_longlong_hex                     0x00000000   Number         0  stubs.o ABSOLUTE
    _printf_longlong_oct                     0x00000000   Number         0  stubs.o ABSOLUTE
    _printf_ls                               0x00000000   Number         0  stubs.o ABSOLUTE
    _printf_mbtowc                           0x00000000   Number         0  stubs.o ABSOLUTE
    _printf_n                                0x00000000   Number         0  stubs.o ABSOLUTE
    _printf_o                                0x00000000   Number         0  stubs.o ABSOLUTE
    _printf_p                                0x00000000   Number         0  stubs.o ABSOLUTE
    _printf_percent                          0x00000000   Number         0  stubs.o ABSOLUTE
    _printf_pre_padding                      0x00000000   Number         0  stubs.o ABSOLUTE
    _printf_return_value                     0x00000000   Number         0  stubs.o ABSOLUTE
    _printf_s                                0x00000000   Number         0  stubs.o ABSOLUTE
    _printf_sizespec                         0x00000000   Number         0  stubs.o ABSOLUTE
    _printf_str                              0x00000000   Number         0  stubs.o ABSOLUTE
    _printf_truncate_signed                  0x00000000   Number         0  stubs.o ABSOLUTE
    _printf_truncate_unsigned                0x00000000   Number         0  stubs.o ABSOLUTE
    _printf_u                                0x00000000   Number         0  stubs.o ABSOLUTE
    _printf_wc                               0x00000000   Number         0  stubs.o ABSOLUTE
    _printf_wctomb                           0x00000000   Number         0  stubs.o ABSOLUTE
    _printf_widthprec                        0x00000000   Number         0  stubs.o ABSOLUTE
    _printf_x                                0x00000000   Number         0  stubs.o ABSOLUTE
    __cpp_initialize__aeabi_                  - Undefined Weak Reference
    __cxa_finalize                            - Undefined Weak Reference
    _clock_init                               - Undefined Weak Reference
    _microlib_exit                            - Undefined Weak Reference
    _scanf_int                                - Undefined Weak Reference
    _scanf_longlong                           - Undefined Weak Reference
    _scanf_string                             - Undefined Weak Reference
    __Vectors_Size                           0x00000198   Number         0  startup_stm32f411xe.o ABSOLUTE
    __Vectors                                0x08000000   Data           4  startup_stm32f411xe.o(RESET)
    __Vectors_End                            0x08000198   Data           0  startup_stm32f411xe.o(RESET)
    __main                                   0x08000199   Thumb Code     0  entry.o(.ARM.Collect$$$$00000000)
    _main_stk                                0x08000199   Thumb Code     0  entry2.o(.ARM.Collect$$$$00000001)
    _main_scatterload                        0x0800019d   Thumb Code     0  entry5.o(.ARM.Collect$$$$00000004)
    __main_after_scatterload                 0x080001a1   Thumb Code     0  entry5.o(.ARM.Collect$$$$00000004)
    _main_clock                              0x080001a1   Thumb Code     0  entry7b.o(.ARM.Collect$$$$00000008)
    _main_cpp_init                           0x080001a1   Thumb Code     0  entry8b.o(.ARM.Collect$$$$0000000A)
    _main_init                               0x080001a1   Thumb Code     0  entry9a.o(.ARM.Collect$$$$0000000B)
    __rt_final_cpp                           0x080001a9   Thumb Code     0  entry10a.o(.ARM.Collect$$$$0000000D)
    __rt_final_exit                          0x080001a9   Thumb Code     0  entry11a.o(.ARM.Collect$$$$0000000F)
    Reset_Handler                            0x080001ad   Thumb Code     8  startup_stm32f411xe.o(.text)
    ADC_IRQHandler                           0x080001c7   Thumb Code     0  startup_stm32f411xe.o(.text)
    DMA1_Stream0_IRQHandler                  0x080001c7   Thumb Code     0  startup_stm32f411xe.o(.text)
    DMA1_Stream1_IRQHandler                  0x080001c7   Thumb Code     0  startup_stm32f411xe.o(.text)
    DMA1_Stream2_IRQHandler                  0x080001c7   Thumb Code     0  startup_stm32f411xe.o(.text)
    DMA1_Stream3_IRQHandler                  0x080001c7   Thumb Code     0  startup_stm32f411xe.o(.text)
    DMA1_Stream4_IRQHandler                  0x080001c7   Thumb Code     0  startup_stm32f411xe.o(.text)
    DMA1_Stream5_IRQHandler                  0x080001c7   Thumb Code     0  startup_stm32f411xe.o(.text)
    DMA1_Stream6_IRQHandler                  0x080001c7   Thumb Code     0  startup_stm32f411xe.o(.text)
    DMA1_Stream7_IRQHandler                  0x080001c7   Thumb Code     0  startup_stm32f411xe.o(.text)
    DMA2_Stream0_IRQHandler                  0x080001c7   Thumb Code     0  startup_stm32f411xe.o(.text)
    DMA2_Stream1_IRQHandler                  0x080001c7   Thumb Code     0  startup_stm32f411xe.o(.text)
    DMA2_Stream2_IRQHandler                  0x080001c7   Thumb Code     0  startup_stm32f411xe.o(.text)
    DMA2_Stream3_IRQHandler                  0x080001c7   Thumb Code     0  startup_stm32f411xe.o(.text)
    DMA2_Stream4_IRQHandler                  0x080001c7   Thumb Code     0  startup_stm32f411xe.o(.text)
    DMA2_Stream5_IRQHandler                  0x080001c7   Thumb Code     0  startup_stm32f411xe.o(.text)
    DMA2_Stream6_IRQHandler                  0x080001c7   Thumb Code     0  startup_stm32f411xe.o(.text)
    DMA2_Stream7_IRQHandler                  0x080001c7   Thumb Code     0  startup_stm32f411xe.o(.text)
    EXTI0_IRQHandler                         0x080001c7   Thumb Code     0  startup_stm32f411xe.o(.text)
    EXTI15_10_IRQHandler                     0x080001c7   Thumb Code     0  startup_stm32f411xe.o(.text)
    EXTI1_IRQHandler                         0x080001c7   Thumb Code     0  startup_stm32f411xe.o(.text)
    EXTI2_IRQHandler                         0x080001c7   Thumb Code     0  startup_stm32f411xe.o(.text)
    EXTI3_IRQHandler                         0x080001c7   Thumb Code     0  startup_stm32f411xe.o(.text)
    EXTI4_IRQHandler                         0x080001c7   Thumb Code     0  startup_stm32f411xe.o(.text)
    EXTI9_5_IRQHandler                       0x080001c7   Thumb Code     0  startup_stm32f411xe.o(.text)
    FLASH_IRQHandler                         0x080001c7   Thumb Code     0  startup_stm32f411xe.o(.text)
    FPU_IRQHandler                           0x080001c7   Thumb Code     0  startup_stm32f411xe.o(.text)
    I2C1_ER_IRQHandler                       0x080001c7   Thumb Code     0  startup_stm32f411xe.o(.text)
    I2C1_EV_IRQHandler                       0x080001c7   Thumb Code     0  startup_stm32f411xe.o(.text)
    I2C2_ER_IRQHandler                       0x080001c7   Thumb Code     0  startup_stm32f411xe.o(.text)
    I2C2_EV_IRQHandler                       0x080001c7   Thumb Code     0  startup_stm32f411xe.o(.text)
    I2C3_ER_IRQHandler                       0x080001c7   Thumb Code     0  startup_stm32f411xe.o(.text)
    I2C3_EV_IRQHandler                       0x080001c7   Thumb Code     0  startup_stm32f411xe.o(.text)
    OTG_FS_IRQHandler                        0x080001c7   Thumb Code     0  startup_stm32f411xe.o(.text)
    OTG_FS_WKUP_IRQHandler                   0x080001c7   Thumb Code     0  startup_stm32f411xe.o(.text)
    PVD_IRQHandler                           0x080001c7   Thumb Code     0  startup_stm32f411xe.o(.text)
    RCC_IRQHandler                           0x080001c7   Thumb Code     0  startup_stm32f411xe.o(.text)
    RTC_Alarm_IRQHandler                     0x080001c7   Thumb Code     0  startup_stm32f411xe.o(.text)
    RTC_WKUP_IRQHandler                      0x080001c7   Thumb Code     0  startup_stm32f411xe.o(.text)
    SDIO_IRQHandler                          0x080001c7   Thumb Code     0  startup_stm32f411xe.o(.text)
    SPI1_IRQHandler                          0x080001c7   Thumb Code     0  startup_stm32f411xe.o(.text)
    SPI2_IRQHandler                          0x080001c7   Thumb Code     0  startup_stm32f411xe.o(.text)
    SPI3_IRQHandler                          0x080001c7   Thumb Code     0  startup_stm32f411xe.o(.text)
    SPI4_IRQHandler                          0x080001c7   Thumb Code     0  startup_stm32f411xe.o(.text)
    SPI5_IRQHandler                          0x080001c7   Thumb Code     0  startup_stm32f411xe.o(.text)
    TAMP_STAMP_IRQHandler                    0x080001c7   Thumb Code     0  startup_stm32f411xe.o(.text)
    TIM1_BRK_TIM9_IRQHandler                 0x080001c7   Thumb Code     0  startup_stm32f411xe.o(.text)
    TIM1_CC_IRQHandler                       0x080001c7   Thumb Code     0  startup_stm32f411xe.o(.text)
    TIM1_TRG_COM_TIM11_IRQHandler            0x080001c7   Thumb Code     0  startup_stm32f411xe.o(.text)
    TIM1_UP_TIM10_IRQHandler                 0x080001c7   Thumb Code     0  startup_stm32f411xe.o(.text)
    TIM2_IRQHandler                          0x080001c7   Thumb Code     0  startup_stm32f411xe.o(.text)
    TIM3_IRQHandler                          0x080001c7   Thumb Code     0  startup_stm32f411xe.o(.text)
    TIM4_IRQHandler                          0x080001c7   Thumb Code     0  startup_stm32f411xe.o(.text)
    TIM5_IRQHandler                          0x080001c7   Thumb Code     0  startup_stm32f411xe.o(.text)
    USART2_IRQHandler                        0x080001c7   Thumb Code     0  startup_stm32f411xe.o(.text)
    USART6_IRQHandler                        0x080001c7   Thumb Code     0  startup_stm32f411xe.o(.text)
    WWDG_IRQHandler                          0x080001c7   Thumb Code     0  startup_stm32f411xe.o(.text)
    __aeabi_uldivmod                         0x080001d1   Thumb Code    98  uldiv.o(.text)
    __aeabi_memcpy                           0x08000233   Thumb Code    36  memcpya.o(.text)
    __aeabi_memcpy4                          0x08000233   Thumb Code     0  memcpya.o(.text)
    __aeabi_memcpy8                          0x08000233   Thumb Code     0  memcpya.o(.text)
    __aeabi_memset                           0x08000257   Thumb Code    14  memseta.o(.text)
    __aeabi_memset4                          0x08000257   Thumb Code     0  memseta.o(.text)
    __aeabi_memset8                          0x08000257   Thumb Code     0  memseta.o(.text)
    __aeabi_memclr                           0x08000265   Thumb Code     4  memseta.o(.text)
    __aeabi_memclr4                          0x08000265   Thumb Code     0  memseta.o(.text)
    __aeabi_memclr8                          0x08000265   Thumb Code     0  memseta.o(.text)
    _memset$wrapper                          0x08000269   Thumb Code    18  memseta.o(.text)
    memcmp                                   0x0800027b   Thumb Code    26  memcmp.o(.text)
    __0sscanf                                0x08000295   Thumb Code    48  __0sscanf.o(.text)
    _scanf_real                              0x080003f5   Thumb Code     0  scanf_fp.o(.text)
    _scanf_really_real                       0x080003f5   Thumb Code   556  scanf_fp.o(.text)
    __aeabi_f2d                              0x0800062d   Thumb Code    38  f2d.o(.text)
    __aeabi_uidiv                            0x08000653   Thumb Code     0  uidiv.o(.text)
    __aeabi_uidivmod                         0x08000653   Thumb Code    44  uidiv.o(.text)
    __aeabi_llsl                             0x0800067f   Thumb Code    30  llshl.o(.text)
    _ll_shift_l                              0x0800067f   Thumb Code     0  llshl.o(.text)
    __aeabi_llsr                             0x0800069d   Thumb Code    32  llushr.o(.text)
    _ll_ushift_r                             0x0800069d   Thumb Code     0  llushr.o(.text)
    __vfscanf_char                           0x080006c9   Thumb Code    20  scanf_char.o(.text)
    _sgetc                                   0x080006e5   Thumb Code    30  _sgetc.o(.text)
    _sbackspace                              0x08000703   Thumb Code    34  _sgetc.o(.text)
    __I$use$fp                               0x08000725   Thumb Code     0  iusefp.o(.text)
    __aeabi_dadd                             0x08000725   Thumb Code   322  dadd.o(.text)
    __aeabi_dsub                             0x08000867   Thumb Code     6  dadd.o(.text)
    __aeabi_drsub                            0x0800086d   Thumb Code     6  dadd.o(.text)
    __aeabi_dmul                             0x08000873   Thumb Code   228  dmul.o(.text)
    __aeabi_ddiv                             0x08000957   Thumb Code   222  ddiv.o(.text)
    __aeabi_ul2d                             0x08000a35   Thumb Code    24  dfltul.o(.text)
    __aeabi_d2ulz                            0x08000a4d   Thumb Code    48  dfixul.o(.text)
    __aeabi_cdrcmple                         0x08000a7d   Thumb Code    48  cdrcmple.o(.text)
    __aeabi_d2f                              0x08000aad   Thumb Code    56  d2f.o(.text)
    __scatterload                            0x08000ae5   Thumb Code    28  init.o(.text)
    __scatterload_rt2                        0x08000ae5   Thumb Code     0  init.o(.text)
    __aeabi_lasr                             0x08000b09   Thumb Code    36  llsshr.o(.text)
    _ll_sshift_r                             0x08000b09   Thumb Code     0  llsshr.o(.text)
    isspace                                  0x08000b2d   Thumb Code    10  isspace_c.o(.text)
    __vfscanf                                0x08000b39   Thumb Code   808  _scanf.o(.text)
    _float_round                             0x08000e65   Thumb Code    18  fepilogue.o(.text)
    _float_epilogue                          0x08000e77   Thumb Code    92  fepilogue.o(.text)
    _double_round                            0x08000ed3   Thumb Code    30  depilogue.o(.text)
    _double_epilogue                         0x08000ef1   Thumb Code   156  depilogue.o(.text)
    __ctype_lookup                           0x08000f8d   Thumb Code    34  ctype_c.o(.text)
    __decompress                             0x08000fb5   Thumb Code     0  __dczerorl2.o(.text)
    __decompress1                            0x08000fb5   Thumb Code    86  __dczerorl2.o(.text)
    AI_Init                                  0x0800100d   Thumb Code   116  main.o(i.AI_Init)
    AI_Run                                   0x0800111d   Thumb Code   100  main.o(i.AI_Run)
    BusFault_Handler                         0x080011b1   Thumb Code     2  stm32f4xx_it.o(i.BusFault_Handler)
    DebugMon_Handler                         0x080011b3   Thumb Code     2  stm32f4xx_it.o(i.DebugMon_Handler)
    Error_Handler                            0x080011b5   Thumb Code     4  main.o(i.Error_Handler)
    HAL_DMA_Abort                            0x080011b9   Thumb Code   146  stm32f4xx_hal_dma.o(i.HAL_DMA_Abort)
    HAL_DMA_Abort_IT                         0x0800124b   Thumb Code    36  stm32f4xx_hal_dma.o(i.HAL_DMA_Abort_IT)
    HAL_GPIO_Init                            0x08001271   Thumb Code   446  stm32f4xx_hal_gpio.o(i.HAL_GPIO_Init)
    HAL_GetTick                              0x08001451   Thumb Code     6  stm32f4xx_hal.o(i.HAL_GetTick)
    HAL_IncTick                              0x0800145d   Thumb Code    12  stm32f4xx_hal.o(i.HAL_IncTick)
    HAL_Init                                 0x0800146d   Thumb Code    48  stm32f4xx_hal.o(i.HAL_Init)
    HAL_InitTick                             0x080014a1   Thumb Code    54  stm32f4xx_hal.o(i.HAL_InitTick)
    HAL_MspInit                              0x080014e1   Thumb Code    42  stm32f4xx_hal_msp.o(i.HAL_MspInit)
    HAL_NVIC_EnableIRQ                       0x08001511   Thumb Code    26  stm32f4xx_hal_cortex.o(i.HAL_NVIC_EnableIRQ)
    HAL_NVIC_SetPriority                     0x0800152d   Thumb Code    60  stm32f4xx_hal_cortex.o(i.HAL_NVIC_SetPriority)
    HAL_NVIC_SetPriorityGrouping             0x0800156d   Thumb Code    26  stm32f4xx_hal_cortex.o(i.HAL_NVIC_SetPriorityGrouping)
    HAL_RCC_ClockConfig                      0x08001591   Thumb Code   288  stm32f4xx_hal_rcc.o(i.HAL_RCC_ClockConfig)
    HAL_RCC_GetPCLK1Freq                     0x080016c5   Thumb Code    20  stm32f4xx_hal_rcc.o(i.HAL_RCC_GetPCLK1Freq)
    HAL_RCC_GetPCLK2Freq                     0x080016e5   Thumb Code    20  stm32f4xx_hal_rcc.o(i.HAL_RCC_GetPCLK2Freq)
    HAL_RCC_GetSysClockFreq                  0x08001705   Thumb Code    88  stm32f4xx_hal_rcc.o(i.HAL_RCC_GetSysClockFreq)
    HAL_RCC_OscConfig                        0x08001765   Thumb Code   856  stm32f4xx_hal_rcc.o(i.HAL_RCC_OscConfig)
    HAL_SYSTICK_Config                       0x08001ad1   Thumb Code    40  stm32f4xx_hal_cortex.o(i.HAL_SYSTICK_Config)
    HAL_UARTEx_RxEventCallback               0x08001af9   Thumb Code     2  stm32f4xx_hal_uart.o(i.HAL_UARTEx_RxEventCallback)
    HAL_UART_ErrorCallback                   0x08001afb   Thumb Code     2  stm32f4xx_hal_uart.o(i.HAL_UART_ErrorCallback)
    HAL_UART_IRQHandler                      0x08001afd   Thumb Code   636  stm32f4xx_hal_uart.o(i.HAL_UART_IRQHandler)
    HAL_UART_Init                            0x08001d7d   Thumb Code   100  stm32f4xx_hal_uart.o(i.HAL_UART_Init)
    HAL_UART_MspInit                         0x08001de1   Thumb Code   110  usart.o(i.HAL_UART_MspInit)
    HAL_UART_Receive                         0x08001e5d   Thumb Code   176  stm32f4xx_hal_uart.o(i.HAL_UART_Receive)
    HAL_UART_RxCpltCallback                  0x08001f0d   Thumb Code     2  stm32f4xx_hal_uart.o(i.HAL_UART_RxCpltCallback)
    HAL_UART_Transmit                        0x08001f0f   Thumb Code   160  stm32f4xx_hal_uart.o(i.HAL_UART_Transmit)
    HAL_UART_TxCpltCallback                  0x08001faf   Thumb Code     2  stm32f4xx_hal_uart.o(i.HAL_UART_TxCpltCallback)
    HardFault_Handler                        0x08001fb1   Thumb Code     2  stm32f4xx_it.o(i.HardFault_Handler)
    MX_GPIO_Init                             0x08001fb5   Thumb Code    38  gpio.o(i.MX_GPIO_Init)
    MX_USART1_UART_Init                      0x08001fe1   Thumb Code    48  usart.o(i.MX_USART1_UART_Init)
    MemManage_Handler                        0x08002019   Thumb Code     2  stm32f4xx_it.o(i.MemManage_Handler)
    NMI_Handler                              0x0800201b   Thumb Code     2  stm32f4xx_it.o(i.NMI_Handler)
    PendSV_Handler                           0x0800201d   Thumb Code     2  stm32f4xx_it.o(i.PendSV_Handler)
    SVC_Handler                              0x0800201f   Thumb Code     2  stm32f4xx_it.o(i.SVC_Handler)
    SysTick_Handler                          0x08002021   Thumb Code     4  stm32f4xx_it.o(i.SysTick_Handler)
    SystemClock_Config                       0x08002025   Thumb Code   134  main.o(i.SystemClock_Config)
    SystemInit                               0x080020b5   Thumb Code    12  system_stm32f4xx.o(i.SystemInit)
    USART1_IRQHandler                        0x08002365   Thumb Code     6  stm32f4xx_it.o(i.USART1_IRQHandler)
    UsageFault_Handler                       0x08002371   Thumb Code     2  stm32f4xx_it.o(i.UsageFault_Handler)
    __0printf                                0x08002375   Thumb Code    22  printfa.o(i.__0printf)
    __1printf                                0x08002375   Thumb Code     0  printfa.o(i.__0printf)
    __2printf                                0x08002375   Thumb Code     0  printfa.o(i.__0printf)
    __c89printf                              0x08002375   Thumb Code     0  printfa.o(i.__0printf)
    printf                                   0x08002375   Thumb Code     0  printfa.o(i.__0printf)
    __ARM_fpclassifyf                        0x08002395   Thumb Code    38  fpclassifyf.o(i.__ARM_fpclassifyf)
    __hardfp_expf                            0x08002511   Thumb Code   426  expf.o(i.__hardfp_expf)
    __mathlib_expf                           0x08002511   Thumb Code     0  expf.o(i.__hardfp_expf)
    __mathlib_flt_infnan                     0x080026f9   Thumb Code     6  funder.o(i.__mathlib_flt_infnan)
    __mathlib_flt_overflow                   0x08002701   Thumb Code    10  funder.o(i.__mathlib_flt_overflow)
    __mathlib_flt_underflow                  0x08002711   Thumb Code    10  funder.o(i.__mathlib_flt_underflow)
    __scatterload_copy                       0x08002721   Thumb Code    14  handlers.o(i.__scatterload_copy)
    __scatterload_null                       0x0800272f   Thumb Code     2  handlers.o(i.__scatterload_null)
    __scatterload_zeroinit                   0x08002731   Thumb Code    14  handlers.o(i.__scatterload_zeroinit)
    __set_errno                              0x08002741   Thumb Code     6  errno.o(i.__set_errno)
    _is_digit                                0x080029fd   Thumb Code    14  scanf_fp.o(i._is_digit)
    ai_array_get_data_byte_size              0x08003777   Thumb Code    30  ai_datatypes_format.o(i.ai_array_get_data_byte_size)
    ai_array_to_buffer_fmt                   0x08003795   Thumb Code   248  ai_datatypes_format.o(i.ai_array_to_buffer_fmt)
    ai_buffer_array_item_set_address         0x080038c1   Thumb Code    36  ai_platform.o(i.ai_buffer_array_item_set_address)
    ai_buffer_array_sane                     0x080038e5   Thumb Code    18  ai_platform.o(i.ai_buffer_array_sane)
    ai_buffer_get_size                       0x080038f9   Thumb Code    96  ai_platform.o(i.ai_buffer_get_size)
    ai_check_custom_types                    0x08003961   Thumb Code    38  layers.o(i.ai_check_custom_types)
    ai_layers_forward_all                    0x0800398d   Thumb Code    80  layers.o(i.ai_layers_forward_all)
    ai_layers_init_all                       0x080039dd   Thumb Code    30  layers.o(i.ai_layers_init_all)
    ai_layers_post_init_all                  0x080039fb   Thumb Code    54  layers.o(i.ai_layers_post_init_all)
    ai_network_create                        0x08003a31   Thumb Code    20  network.o(i.ai_network_create)
    ai_network_data_params_get               0x08003a49   Thumb Code    36  network_data.o(i.ai_network_data_params_get)
    ai_network_get_error                     0x08003a71   Thumb Code     4  network.o(i.ai_network_get_error)
    ai_network_init                          0x08003a75   Thumb Code    48  network.o(i.ai_network_init)
    ai_network_inputs_get                    0x08003aa5   Thumb Code    12  network.o(i.ai_network_inputs_get)
    ai_network_outputs_get                   0x08003ab9   Thumb Code    12  network.o(i.ai_network_outputs_get)
    ai_network_run                           0x08003acd   Thumb Code     4  network.o(i.ai_network_run)
    ai_platform_bind_network_params          0x08003ad1   Thumb Code    38  ai_platform_interface.o(i.ai_platform_bind_network_params)
    ai_platform_context_acquire              0x08003afd   Thumb Code    14  ai_platform_interface.o(i.ai_platform_context_acquire)
    ai_platform_get_activations_map          0x08003b11   Thumb Code    38  ai_platform_interface.o(i.ai_platform_get_activations_map)
    ai_platform_get_weights_map              0x08003b3d   Thumb Code    36  ai_platform_interface.o(i.ai_platform_get_weights_map)
    ai_platform_inputs_get                   0x08003b65   Thumb Code    66  ai_platform_interface.o(i.ai_platform_inputs_get)
    ai_platform_network_create               0x08003ba9   Thumb Code   146  ai_platform_interface.o(i.ai_platform_network_create)
    ai_platform_network_get_error            0x08003c45   Thumb Code    24  ai_platform_interface.o(i.ai_platform_network_get_error)
    ai_platform_network_init                 0x08003c61   Thumb Code   262  ai_platform_interface.o(i.ai_platform_network_init)
    ai_platform_network_post_init            0x08003d79   Thumb Code    76  ai_platform_interface.o(i.ai_platform_network_post_init)
    ai_platform_network_process              0x08003dc9   Thumb Code    84  ai_platform_interface.o(i.ai_platform_network_process)
    ai_platform_network_set_error            0x08003e1d   Thumb Code    12  ai_platform_interface.o(i.ai_platform_network_set_error)
    ai_platform_outputs_get                  0x08003e29   Thumb Code    72  ai_platform_interface.o(i.ai_platform_outputs_get)
    ai_version_get                           0x08003e8b   Thumb Code    12  ai_datatypes_internal.o(i.ai_version_get)
    core_get_error                           0x08003e97   Thumb Code    12  core_common.o(i.core_get_error)
    core_init                                0x08003ea3   Thumb Code     4  core_common.o(i.core_init)
    core_set_error                           0x08003ea7   Thumb Code    26  core_common.o(i.core_set_error)
    forward_dense                            0x08003ec1   Thumb Code   322  layers_conv2d_generic_float.o(i.forward_dense)
    forward_lite_dense_if32of32wf32          0x08004009   Thumb Code   148  lite_dense_if32.o(i.forward_lite_dense_if32of32wf32)
    forward_lite_dense_if32of32wf32_lut4     0x080040a1   Thumb Code   168  lite_dense_if32.o(i.forward_lite_dense_if32of32wf32_lut4)
    forward_lite_dense_if32of32wf32_lut8     0x0800414d   Thumb Code   168  lite_dense_if32.o(i.forward_lite_dense_if32of32wf32_lut8)
    forward_lite_nl_relu_generic_if32of32_kernel 0x080041f9   Thumb Code   168  lite_nl_relu_if32of32.o(i.forward_lite_nl_relu_generic_if32of32_kernel)
    forward_lite_nl_softmax_if32of32         0x080042a5   Thumb Code    86  lite_nl_generic_float.o(i.forward_lite_nl_softmax_if32of32)
    forward_lite_nl_softmax_if32of32_kernel  0x080042fd   Thumb Code   158  lite_nl_softmax_if32of32.o(i.forward_lite_nl_softmax_if32of32_kernel)
    forward_relu                             0x080043a1   Thumb Code   202  layers_nl_generic_float.o(i.forward_relu)
    forward_sm                               0x08004471   Thumb Code   140  layers_nl_generic_float.o(i.forward_sm)
    fputc                                    0x080044fd   Thumb Code    20  main.o(i.fputc)
    get_tensor_byte_size                     0x08004515   Thumb Code    34  ai_datatypes_internal.o(i.get_tensor_byte_size)
    main                                     0x0800453d   Thumb Code   280  main.o(i.main)
    st_int8_copy                             0x080047e5   Thumb Code   144  st_int8_fill.o(i.st_int8_copy)
    s_network_weights_array_u64              0x08004920   Data         976  network_data_params.o(.constdata)
    AHBPrescTable                            0x08004cf0   Data          16  system_stm32f4xx.o(.constdata)
    APBPrescTable                            0x08004d00   Data           8  system_stm32f4xx.o(.constdata)
    __ctype_categories                       0x08004da0   Data          64  ctype_c.o(.constdata)
    Region$$Table$$Base                      0x08004de0   Number         0  anon$$obj.o(Region$$Table)
    Region$$Table$$Limit                     0x08004e00   Number         0  anon$$obj.o(Region$$Table)
    g_network_data_map_activations           0x20000734   Data          28  network_data.o(.data)
    g_network_data_map_weights               0x20000750   Data          28  network_data.o(.data)
    network                                  0x2000076c   Data           4  main.o(.data)
    uwTickFreq                               0x20000770   Data           1  stm32f4xx_hal.o(.data)
    uwTickPrio                               0x20000774   Data           4  stm32f4xx_hal.o(.data)
    uwTick                                   0x20000778   Data           4  stm32f4xx_hal.o(.data)
    SystemCoreClock                          0x2000077c   Data           4  system_stm32f4xx.o(.data)
    __stdout                                 0x20000780   Data           4  stdout.o(.data)
    rx_buf                                   0x200007e0   Data          50  main.o(.bss)
    ai_input_data                            0x20000814   Data          16  main.o(.bss)
    ai_output_data                           0x20000824   Data          12  main.o(.bss)
    activations                              0x20000830   Data          96  main.o(.bss)
    huart1                                   0x20000890   Data          72  usart.o(.bss)
    __initial_sp                             0x200010d8   Data           0  startup_stm32f411xe.o(STACK)



==============================================================================

Memory Map of the image

  Image Entry point : 0x08000199

  Load Region LR_IROM1 (Base: 0x08000000, Size: 0x00005588, Max: 0x00040000, ABSOLUTE, COMPRESSED[0x00005090])

    Execution Region ER_IROM1 (Exec base: 0x08000000, Load base: 0x08000000, Size: 0x00004e00, Max: 0x00040000, ABSOLUTE)

    Exec Addr    Load Addr    Size         Type   Attr      Idx    E Section Name        Object

    0x08000000   0x08000000   0x00000198   Data   RO            3    RESET               startup_stm32f411xe.o
    0x08000198   0x08000198   0x00000000   Code   RO         3796  * .ARM.Collect$$$$00000000  mc_w.l(entry.o)
    0x08000198   0x08000198   0x00000004   Code   RO         4152    .ARM.Collect$$$$00000001  mc_w.l(entry2.o)
    0x0800019c   0x0800019c   0x00000004   Code   RO         4155    .ARM.Collect$$$$00000004  mc_w.l(entry5.o)
    0x080001a0   0x080001a0   0x00000000   Code   RO         4157    .ARM.Collect$$$$00000008  mc_w.l(entry7b.o)
    0x080001a0   0x080001a0   0x00000000   Code   RO         4159    .ARM.Collect$$$$0000000A  mc_w.l(entry8b.o)
    0x080001a0   0x080001a0   0x00000008   Code   RO         4160    .ARM.Collect$$$$0000000B  mc_w.l(entry9a.o)
    0x080001a8   0x080001a8   0x00000000   Code   RO         4162    .ARM.Collect$$$$0000000D  mc_w.l(entry10a.o)
    0x080001a8   0x080001a8   0x00000000   Code   RO         4164    .ARM.Collect$$$$0000000F  mc_w.l(entry11a.o)
    0x080001a8   0x080001a8   0x00000004   Code   RO         4153    .ARM.Collect$$$$00002712  mc_w.l(entry2.o)
    0x080001ac   0x080001ac   0x00000024   Code   RO            4    .text               startup_stm32f411xe.o
    0x080001d0   0x080001d0   0x00000062   Code   RO         3799    .text               mc_w.l(uldiv.o)
    0x08000232   0x08000232   0x00000024   Code   RO         3801    .text               mc_w.l(memcpya.o)
    0x08000256   0x08000256   0x00000024   Code   RO         3803    .text               mc_w.l(memseta.o)
    0x0800027a   0x0800027a   0x0000001a   Code   RO         3805    .text               mc_w.l(memcmp.o)
    0x08000294   0x08000294   0x00000038   Code   RO         4098    .text               mc_w.l(__0sscanf.o)
    0x080002cc   0x080002cc   0x00000360   Code   RO         4100    .text               mc_w.l(scanf_fp.o)
    0x0800062c   0x0800062c   0x00000026   Code   RO         4106    .text               mf_w.l(f2d.o)
    0x08000652   0x08000652   0x0000002c   Code   RO         4167    .text               mc_w.l(uidiv.o)
    0x0800067e   0x0800067e   0x0000001e   Code   RO         4169    .text               mc_w.l(llshl.o)
    0x0800069c   0x0800069c   0x00000020   Code   RO         4171    .text               mc_w.l(llushr.o)
    0x080006bc   0x080006bc   0x00000028   Code   RO         4182    .text               mc_w.l(scanf_char.o)
    0x080006e4   0x080006e4   0x00000040   Code   RO         4184    .text               mc_w.l(_sgetc.o)
    0x08000724   0x08000724   0x00000000   Code   RO         4186    .text               mc_w.l(iusefp.o)
    0x08000724   0x08000724   0x0000014e   Code   RO         4191    .text               mf_w.l(dadd.o)
    0x08000872   0x08000872   0x000000e4   Code   RO         4193    .text               mf_w.l(dmul.o)
    0x08000956   0x08000956   0x000000de   Code   RO         4195    .text               mf_w.l(ddiv.o)
    0x08000a34   0x08000a34   0x00000018   Code   RO         4197    .text               mf_w.l(dfltul.o)
    0x08000a4c   0x08000a4c   0x00000030   Code   RO         4199    .text               mf_w.l(dfixul.o)
    0x08000a7c   0x08000a7c   0x00000030   Code   RO         4201    .text               mf_w.l(cdrcmple.o)
    0x08000aac   0x08000aac   0x00000038   Code   RO         4203    .text               mf_w.l(d2f.o)
    0x08000ae4   0x08000ae4   0x00000024   Code   RO         4207    .text               mc_w.l(init.o)
    0x08000b08   0x08000b08   0x00000024   Code   RO         4209    .text               mc_w.l(llsshr.o)
    0x08000b2c   0x08000b2c   0x0000000a   Code   RO         4211    .text               mc_w.l(isspace_c.o)
    0x08000b36   0x08000b36   0x00000002   PAD
    0x08000b38   0x08000b38   0x0000032c   Code   RO         4213    .text               mc_w.l(_scanf.o)
    0x08000e64   0x08000e64   0x0000006e   Code   RO         4215    .text               mf_w.l(fepilogue.o)
    0x08000ed2   0x08000ed2   0x000000ba   Code   RO         4217    .text               mf_w.l(depilogue.o)
    0x08000f8c   0x08000f8c   0x00000028   Code   RO         4219    .text               mc_w.l(ctype_c.o)
    0x08000fb4   0x08000fb4   0x00000056   Code   RO         4230    .text               mc_w.l(__dczerorl2.o)
    0x0800100a   0x0800100a   0x00000002   PAD
    0x0800100c   0x0800100c   0x00000110   Code   RO          458    i.AI_Init           main.o
    0x0800111c   0x0800111c   0x00000094   Code   RO          459    i.AI_Run            main.o
    0x080011b0   0x080011b0   0x00000002   Code   RO          691    i.BusFault_Handler  stm32f4xx_it.o
    0x080011b2   0x080011b2   0x00000002   Code   RO          692    i.DebugMon_Handler  stm32f4xx_it.o
    0x080011b4   0x080011b4   0x00000004   Code   RO          460    i.Error_Handler     main.o
    0x080011b8   0x080011b8   0x00000092   Code   RO         1313    i.HAL_DMA_Abort     stm32f4xx_hal_dma.o
    0x0800124a   0x0800124a   0x00000024   Code   RO         1314    i.HAL_DMA_Abort_IT  stm32f4xx_hal_dma.o
    0x0800126e   0x0800126e   0x00000002   PAD
    0x08001270   0x08001270   0x000001e0   Code   RO         1206    i.HAL_GPIO_Init     stm32f4xx_hal_gpio.o
    0x08001450   0x08001450   0x0000000c   Code   RO         1780    i.HAL_GetTick       stm32f4xx_hal.o
    0x0800145c   0x0800145c   0x00000010   Code   RO         1786    i.HAL_IncTick       stm32f4xx_hal.o
    0x0800146c   0x0800146c   0x00000034   Code   RO         1787    i.HAL_Init          stm32f4xx_hal.o
    0x080014a0   0x080014a0   0x00000040   Code   RO         1788    i.HAL_InitTick      stm32f4xx_hal.o
    0x080014e0   0x080014e0   0x00000030   Code   RO          773    i.HAL_MspInit       stm32f4xx_hal_msp.o
    0x08001510   0x08001510   0x0000001a   Code   RO         1622    i.HAL_NVIC_EnableIRQ  stm32f4xx_hal_cortex.o
    0x0800152a   0x0800152a   0x00000002   PAD
    0x0800152c   0x0800152c   0x00000040   Code   RO         1628    i.HAL_NVIC_SetPriority  stm32f4xx_hal_cortex.o
    0x0800156c   0x0800156c   0x00000024   Code   RO         1629    i.HAL_NVIC_SetPriorityGrouping  stm32f4xx_hal_cortex.o
    0x08001590   0x08001590   0x00000134   Code   RO          798    i.HAL_RCC_ClockConfig  stm32f4xx_hal_rcc.o
    0x080016c4   0x080016c4   0x00000020   Code   RO          805    i.HAL_RCC_GetPCLK1Freq  stm32f4xx_hal_rcc.o
    0x080016e4   0x080016e4   0x00000020   Code   RO          806    i.HAL_RCC_GetPCLK2Freq  stm32f4xx_hal_rcc.o
    0x08001704   0x08001704   0x00000060   Code   RO          807    i.HAL_RCC_GetSysClockFreq  stm32f4xx_hal_rcc.o
    0x08001764   0x08001764   0x0000036c   Code   RO          810    i.HAL_RCC_OscConfig  stm32f4xx_hal_rcc.o
    0x08001ad0   0x08001ad0   0x00000028   Code   RO         1633    i.HAL_SYSTICK_Config  stm32f4xx_hal_cortex.o
    0x08001af8   0x08001af8   0x00000002   Code   RO         2037    i.HAL_UARTEx_RxEventCallback  stm32f4xx_hal_uart.o
    0x08001afa   0x08001afa   0x00000002   Code   RO         2051    i.HAL_UART_ErrorCallback  stm32f4xx_hal_uart.o
    0x08001afc   0x08001afc   0x00000280   Code   RO         2054    i.HAL_UART_IRQHandler  stm32f4xx_hal_uart.o
    0x08001d7c   0x08001d7c   0x00000064   Code   RO         2055    i.HAL_UART_Init     stm32f4xx_hal_uart.o
    0x08001de0   0x08001de0   0x0000007c   Code   RO          650    i.HAL_UART_MspInit  usart.o
    0x08001e5c   0x08001e5c   0x000000b0   Code   RO         2058    i.HAL_UART_Receive  stm32f4xx_hal_uart.o
    0x08001f0c   0x08001f0c   0x00000002   Code   RO         2061    i.HAL_UART_RxCpltCallback  stm32f4xx_hal_uart.o
    0x08001f0e   0x08001f0e   0x000000a0   Code   RO         2063    i.HAL_UART_Transmit  stm32f4xx_hal_uart.o
    0x08001fae   0x08001fae   0x00000002   Code   RO         2066    i.HAL_UART_TxCpltCallback  stm32f4xx_hal_uart.o
    0x08001fb0   0x08001fb0   0x00000002   Code   RO          693    i.HardFault_Handler  stm32f4xx_it.o
    0x08001fb2   0x08001fb2   0x00000002   PAD
    0x08001fb4   0x08001fb4   0x0000002c   Code   RO          625    i.MX_GPIO_Init      gpio.o
    0x08001fe0   0x08001fe0   0x00000038   Code   RO          651    i.MX_USART1_UART_Init  usart.o
    0x08002018   0x08002018   0x00000002   Code   RO          694    i.MemManage_Handler  stm32f4xx_it.o
    0x0800201a   0x0800201a   0x00000002   Code   RO          695    i.NMI_Handler       stm32f4xx_it.o
    0x0800201c   0x0800201c   0x00000002   Code   RO          696    i.PendSV_Handler    stm32f4xx_it.o
    0x0800201e   0x0800201e   0x00000002   Code   RO          697    i.SVC_Handler       stm32f4xx_it.o
    0x08002020   0x08002020   0x00000004   Code   RO          698    i.SysTick_Handler   stm32f4xx_it.o
    0x08002024   0x08002024   0x00000090   Code   RO          461    i.SystemClock_Config  main.o
    0x080020b4   0x080020b4   0x00000010   Code   RO         2389    i.SystemInit        system_stm32f4xx.o
    0x080020c4   0x080020c4   0x0000000e   Code   RO         2068    i.UART_DMAAbortOnError  stm32f4xx_hal_uart.o
    0x080020d2   0x080020d2   0x0000004e   Code   RO         2078    i.UART_EndRxTransfer  stm32f4xx_hal_uart.o
    0x08002120   0x08002120   0x000000c2   Code   RO         2080    i.UART_Receive_IT   stm32f4xx_hal_uart.o
    0x080021e2   0x080021e2   0x00000002   PAD
    0x080021e4   0x080021e4   0x0000010c   Code   RO         2081    i.UART_SetConfig    stm32f4xx_hal_uart.o
    0x080022f0   0x080022f0   0x00000072   Code   RO         2084    i.UART_WaitOnFlagUntilTimeout  stm32f4xx_hal_uart.o
    0x08002362   0x08002362   0x00000002   PAD
    0x08002364   0x08002364   0x0000000c   Code   RO          699    i.USART1_IRQHandler  stm32f4xx_it.o
    0x08002370   0x08002370   0x00000002   Code   RO          700    i.UsageFault_Handler  stm32f4xx_it.o
    0x08002372   0x08002372   0x00000002   PAD
    0x08002374   0x08002374   0x00000020   Code   RO         4042    i.__0printf         mc_w.l(printfa.o)
    0x08002394   0x08002394   0x00000026   Code   RO         4114    i.__ARM_fpclassifyf  m_wm.l(fpclassifyf.o)
    0x080023ba   0x080023ba   0x00000020   Code   RO         1635    i.__NVIC_SetPriority  stm32f4xx_hal_cortex.o
    0x080023da   0x080023da   0x00000002   PAD
    0x080023dc   0x080023dc   0x00000134   Code   RO         2869    i.__ai_math_dot_array  NetworkRuntime1020_CM4_Keil.lib(lite_dense_if32.o)
    0x08002510   0x08002510   0x000001e8   Code   RO         3684    i.__hardfp_expf     m_wm.l(expf.o)
    0x080026f8   0x080026f8   0x00000006   Code   RO         4117    i.__mathlib_flt_infnan  m_wm.l(funder.o)
    0x080026fe   0x080026fe   0x00000002   PAD
    0x08002700   0x08002700   0x00000010   Code   RO         4120    i.__mathlib_flt_overflow  m_wm.l(funder.o)
    0x08002710   0x08002710   0x00000010   Code   RO         4122    i.__mathlib_flt_underflow  m_wm.l(funder.o)
    0x08002720   0x08002720   0x0000000e   Code   RO         4224    i.__scatterload_copy  mc_w.l(handlers.o)
    0x0800272e   0x0800272e   0x00000002   Code   RO         4225    i.__scatterload_null  mc_w.l(handlers.o)
    0x08002730   0x08002730   0x0000000e   Code   RO         4226    i.__scatterload_zeroinit  mc_w.l(handlers.o)
    0x0800273e   0x0800273e   0x00000002   PAD
    0x08002740   0x08002740   0x0000000c   Code   RO         4177    i.__set_errno       mc_w.l(errno.o)
    0x0800274c   0x0800274c   0x00000012   Code   RO         2795    i._ai_forward_layer  NetworkRuntime1020_CM4_Keil.lib(layers.o)
    0x0800275e   0x0800275e   0x00000002   PAD
    0x08002760   0x08002760   0x000000e0   Code   RO         2440    i._ai_platform_get_io_buffers_info  NetworkRuntime1020_CM4_Keil.lib(ai_platform_interface.o)
    0x08002840   0x08002840   0x00000038   Code   RO         2551    i._forward_lite_nl_relu_thresholded_if32of32  NetworkRuntime1020_CM4_Keil.lib(layers_nl_generic_float.o)
    0x08002878   0x08002878   0x00000184   Code   RO         4049    i._fp_digits        mc_w.l(printfa.o)
    0x080029fc   0x080029fc   0x0000000e   Code   RO         4102    i._is_digit         mc_w.l(scanf_fp.o)
    0x08002a0a   0x08002a0a   0x00000002   PAD
    0x08002a0c   0x08002a0c   0x0000012c   Code   RO         2870    i._lite_dict4_dot_array_f32  NetworkRuntime1020_CM4_Keil.lib(lite_dense_if32.o)
    0x08002b38   0x08002b38   0x000000e8   Code   RO         2871    i._lite_dict8_dot_array_f32  NetworkRuntime1020_CM4_Keil.lib(lite_dense_if32.o)
    0x08002c20   0x08002c20   0x0000004c   Code   RO         2441    i._platform_ai_buffer_array_copy  NetworkRuntime1020_CM4_Keil.lib(ai_platform_interface.o)
    0x08002c6c   0x08002c6c   0x00000050   Code   RO         2442    i._platform_get_table_map_from_buffer  NetworkRuntime1020_CM4_Keil.lib(ai_platform_interface.o)
    0x08002cbc   0x08002cbc   0x00000044   Code   RO         2443    i._platform_get_table_map_from_buffer_array  NetworkRuntime1020_CM4_Keil.lib(ai_platform_interface.o)
    0x08002d00   0x08002d00   0x00000014   Code   RO         2444    i._platform_network_buffers_signature_valid  NetworkRuntime1020_CM4_Keil.lib(ai_platform_interface.o)
    0x08002d14   0x08002d14   0x00000210   Code   RO         2445    i._platform_network_io_bind  NetworkRuntime1020_CM4_Keil.lib(ai_platform_interface.o)
    0x08002f24   0x08002f24   0x0000003e   Code   RO         2446    i._platform_network_state_setup  NetworkRuntime1020_CM4_Keil.lib(ai_platform_interface.o)
    0x08002f62   0x08002f62   0x00000068   Code   RO         2447    i._platform_network_state_update_input  NetworkRuntime1020_CM4_Keil.lib(ai_platform_interface.o)
    0x08002fca   0x08002fca   0x0000007c   Code   RO         2448    i._platform_network_state_update_output  NetworkRuntime1020_CM4_Keil.lib(ai_platform_interface.o)
    0x08003046   0x08003046   0x00000002   PAD
    0x08003048   0x08003048   0x000006dc   Code   RO         4050    i._printf_core      mc_w.l(printfa.o)
    0x08003724   0x08003724   0x00000024   Code   RO         4051    i._printf_post_padding  mc_w.l(printfa.o)
    0x08003748   0x08003748   0x0000002e   Code   RO         4052    i._printf_pre_padding  mc_w.l(printfa.o)
    0x08003776   0x08003776   0x0000001e   Code   RO         2742    i.ai_array_get_data_byte_size  NetworkRuntime1020_CM4_Keil.lib(ai_datatypes_format.o)
    0x08003794   0x08003794   0x0000012c   Code   RO         2744    i.ai_array_to_buffer_fmt  NetworkRuntime1020_CM4_Keil.lib(ai_datatypes_format.o)
    0x080038c0   0x080038c0   0x00000024   Code   RO         2426    i.ai_buffer_array_item_set_address  NetworkRuntime1020_CM4_Keil.lib(ai_platform.o)
    0x080038e4   0x080038e4   0x00000012   Code   RO         2427    i.ai_buffer_array_sane  NetworkRuntime1020_CM4_Keil.lib(ai_platform.o)
    0x080038f6   0x080038f6   0x00000002   PAD
    0x080038f8   0x080038f8   0x00000068   Code   RO         2429    i.ai_buffer_get_size  NetworkRuntime1020_CM4_Keil.lib(ai_platform.o)
    0x08003960   0x08003960   0x0000002c   Code   RO         2797    i.ai_check_custom_types  NetworkRuntime1020_CM4_Keil.lib(layers.o)
    0x0800398c   0x0800398c   0x00000050   Code   RO         2801    i.ai_layers_forward_all  NetworkRuntime1020_CM4_Keil.lib(layers.o)
    0x080039dc   0x080039dc   0x0000001e   Code   RO         2802    i.ai_layers_init_all  NetworkRuntime1020_CM4_Keil.lib(layers.o)
    0x080039fa   0x080039fa   0x00000036   Code   RO         2803    i.ai_layers_post_init_all  NetworkRuntime1020_CM4_Keil.lib(layers.o)
    0x08003a30   0x08003a30   0x00000018   Code   RO           10    i.ai_network_create  network.o
    0x08003a48   0x08003a48   0x00000028   Code   RO          385    i.ai_network_data_params_get  network_data.o
    0x08003a70   0x08003a70   0x00000004   Code   RO           14    i.ai_network_get_error  network.o
    0x08003a74   0x08003a74   0x00000030   Code   RO           17    i.ai_network_init   network.o
    0x08003aa4   0x08003aa4   0x00000014   Code   RO           18    i.ai_network_inputs_get  network.o
    0x08003ab8   0x08003ab8   0x00000014   Code   RO           19    i.ai_network_outputs_get  network.o
    0x08003acc   0x08003acc   0x00000004   Code   RO           20    i.ai_network_run    network.o
    0x08003ad0   0x08003ad0   0x0000002c   Code   RO         2452    i.ai_platform_bind_network_params  NetworkRuntime1020_CM4_Keil.lib(ai_platform_interface.o)
    0x08003afc   0x08003afc   0x00000014   Code   RO         2453    i.ai_platform_context_acquire  NetworkRuntime1020_CM4_Keil.lib(ai_platform_interface.o)
    0x08003b10   0x08003b10   0x0000002c   Code   RO         2455    i.ai_platform_get_activations_map  NetworkRuntime1020_CM4_Keil.lib(ai_platform_interface.o)
    0x08003b3c   0x08003b3c   0x00000028   Code   RO         2456    i.ai_platform_get_weights_map  NetworkRuntime1020_CM4_Keil.lib(ai_platform_interface.o)
    0x08003b64   0x08003b64   0x00000042   Code   RO         2457    i.ai_platform_inputs_get  NetworkRuntime1020_CM4_Keil.lib(ai_platform_interface.o)
    0x08003ba6   0x08003ba6   0x00000002   PAD
    0x08003ba8   0x08003ba8   0x0000009c   Code   RO         2459    i.ai_platform_network_create  NetworkRuntime1020_CM4_Keil.lib(ai_platform_interface.o)
    0x08003c44   0x08003c44   0x0000001c   Code   RO         2461    i.ai_platform_network_get_error  NetworkRuntime1020_CM4_Keil.lib(ai_platform_interface.o)
    0x08003c60   0x08003c60   0x00000118   Code   RO         2462    i.ai_platform_network_init  NetworkRuntime1020_CM4_Keil.lib(ai_platform_interface.o)
    0x08003d78   0x08003d78   0x00000050   Code   RO         2463    i.ai_platform_network_post_init  NetworkRuntime1020_CM4_Keil.lib(ai_platform_interface.o)
    0x08003dc8   0x08003dc8   0x00000054   Code   RO         2464    i.ai_platform_network_process  NetworkRuntime1020_CM4_Keil.lib(ai_platform_interface.o)
    0x08003e1c   0x08003e1c   0x0000000c   Code   RO         2465    i.ai_platform_network_set_error  NetworkRuntime1020_CM4_Keil.lib(ai_platform_interface.o)
    0x08003e28   0x08003e28   0x00000048   Code   RO         2471    i.ai_platform_outputs_get  NetworkRuntime1020_CM4_Keil.lib(ai_platform_interface.o)
    0x08003e70   0x08003e70   0x0000001a   Code   RO         2552    i.ai_shape_get_size  NetworkRuntime1020_CM4_Keil.lib(layers_nl_generic_float.o)
    0x08003e8a   0x08003e8a   0x0000000c   Code   RO         2766    i.ai_version_get    NetworkRuntime1020_CM4_Keil.lib(ai_datatypes_internal.o)
    0x08003e96   0x08003e96   0x0000000c   Code   RO         2776    i.core_get_error    NetworkRuntime1020_CM4_Keil.lib(core_common.o)
    0x08003ea2   0x08003ea2   0x00000004   Code   RO         2777    i.core_init         NetworkRuntime1020_CM4_Keil.lib(core_common.o)
    0x08003ea6   0x08003ea6   0x0000001a   Code   RO         2778    i.core_set_error    NetworkRuntime1020_CM4_Keil.lib(core_common.o)
    0x08003ec0   0x08003ec0   0x00000148   Code   RO         2522    i.forward_dense     NetworkRuntime1020_CM4_Keil.lib(layers_conv2d_generic_float.o)
    0x08004008   0x08004008   0x00000098   Code   RO         2872    i.forward_lite_dense_if32of32wf32  NetworkRuntime1020_CM4_Keil.lib(lite_dense_if32.o)
    0x080040a0   0x080040a0   0x000000ac   Code   RO         2873    i.forward_lite_dense_if32of32wf32_lut4  NetworkRuntime1020_CM4_Keil.lib(lite_dense_if32.o)
    0x0800414c   0x0800414c   0x000000ac   Code   RO         2874    i.forward_lite_dense_if32of32wf32_lut8  NetworkRuntime1020_CM4_Keil.lib(lite_dense_if32.o)
    0x080041f8   0x080041f8   0x000000ac   Code   RO         2860    i.forward_lite_nl_relu_generic_if32of32_kernel  NetworkRuntime1020_CM4_Keil.lib(lite_nl_relu_if32of32.o)
    0x080042a4   0x080042a4   0x00000056   Code   RO         2925    i.forward_lite_nl_softmax_if32of32  NetworkRuntime1020_CM4_Keil.lib(lite_nl_generic_float.o)
    0x080042fa   0x080042fa   0x00000002   PAD
    0x080042fc   0x080042fc   0x000000a4   Code   RO         2849    i.forward_lite_nl_softmax_if32of32_kernel  NetworkRuntime1020_CM4_Keil.lib(lite_nl_softmax_if32of32.o)
    0x080043a0   0x080043a0   0x000000d0   Code   RO         2578    i.forward_relu      NetworkRuntime1020_CM4_Keil.lib(layers_nl_generic_float.o)
    0x08004470   0x08004470   0x0000008c   Code   RO         2587    i.forward_sm        NetworkRuntime1020_CM4_Keil.lib(layers_nl_generic_float.o)
    0x080044fc   0x080044fc   0x00000018   Code   RO          462    i.fputc             main.o
    0x08004514   0x08004514   0x00000028   Code   RO         2767    i.get_tensor_byte_size  NetworkRuntime1020_CM4_Keil.lib(ai_datatypes_internal.o)
    0x0800453c   0x0800453c   0x000001ac   Code   RO          463    i.main              main.o
    0x080046e8   0x080046e8   0x00000060   Code   RO           21    i.network_configure_activations  network.o
    0x08004748   0x08004748   0x0000009c   Code   RO           22    i.network_configure_weights  network.o
    0x080047e4   0x080047e4   0x00000090   Code   RO         3519    i.st_int8_copy      NetworkRuntime1020_CM4_Keil.lib(st_int8_fill.o)
    0x08004874   0x08004874   0x00000008   Data   RO           27    .constdata          network.o
    0x0800487c   0x0800487c   0x00000008   Data   RO           28    .constdata          network.o
    0x08004884   0x08004884   0x00000008   Data   RO           29    .constdata          network.o
    0x0800488c   0x0800488c   0x00000008   Data   RO           30    .constdata          network.o
    0x08004894   0x08004894   0x00000008   Data   RO           31    .constdata          network.o
    0x0800489c   0x0800489c   0x00000008   Data   RO           32    .constdata          network.o
    0x080048a4   0x080048a4   0x00000068   Data   RO          388    .constdata          network_data.o
    0x0800490c   0x0800490c   0x00000014   PAD
    0x08004920   0x08004920   0x000003d0   Data   RO          438    .constdata          network_data_params.o
    0x08004cf0   0x08004cf0   0x00000010   Data   RO         2390    .constdata          system_stm32f4xx.o
    0x08004d00   0x08004d00   0x00000008   Data   RO         2391    .constdata          system_stm32f4xx.o
    0x08004d08   0x08004d08   0x00000068   Data   RO         2474    .constdata          NetworkRuntime1020_CM4_Keil.lib(ai_platform_interface.o)
    0x08004d70   0x08004d70   0x00000030   Data   RO         3687    .constdata          m_wm.l(expf.o)
    0x08004da0   0x08004da0   0x00000040   Data   RO         4220    .constdata          mc_w.l(ctype_c.o)
    0x08004de0   0x08004de0   0x00000020   Data   RO         4222    Region$$Table       anon$$obj.o


    Execution Region RW_RAM (Exec base: 0x20000000, Load base: 0x08004e00, Size: 0x000010d8, Max: 0x00020000, ABSOLUTE, COMPRESSED[0x00000290])

    Exec Addr    Load Addr    Size         Type   Attr      Idx    E Section Name        Object

    0x20000000   COMPRESSED   0x00000010   Data   RW           35    .data               network.o
    0x20000010   COMPRESSED   0x00000010   Data   RW           36    .data               network.o
    0x20000020   COMPRESSED   0x00000010   Data   RW           37    .data               network.o
    0x20000030   COMPRESSED   0x00000010   Data   RW           38    .data               network.o
    0x20000040   COMPRESSED   0x00000010   Data   RW           39    .data               network.o
    0x20000050   COMPRESSED   0x00000010   Data   RW           40    .data               network.o
    0x20000060   COMPRESSED   0x00000010   Data   RW           41    .data               network.o
    0x20000070   COMPRESSED   0x00000010   Data   RW           42    .data               network.o
    0x20000080   COMPRESSED   0x00000010   Data   RW           43    .data               network.o
    0x20000090   COMPRESSED   0x00000010   Data   RW           44    .data               network.o
    0x200000a0   COMPRESSED   0x00000010   Data   RW           45    .data               network.o
    0x200000b0   COMPRESSED   0x00000010   Data   RW           46    .data               network.o
    0x200000c0   COMPRESSED   0x00000010   Data   RW           47    .data               network.o
    0x200000d0   COMPRESSED   0x00000010   Data   RW           48    .data               network.o
    0x200000e0   COMPRESSED   0x00000010   Data   RW           49    .data               network.o
    0x200000f0   COMPRESSED   0x00000010   Data   RW           50    .data               network.o
    0x20000100   COMPRESSED   0x00000010   Data   RW           51    .data               network.o
    0x20000110   COMPRESSED   0x00000010   Data   RW           52    .data               network.o
    0x20000120   COMPRESSED   0x00000010   Data   RW           53    .data               network.o
    0x20000130   COMPRESSED   0x00000010   Data   RW           54    .data               network.o
    0x20000140   COMPRESSED   0x00000010   Data   RW           55    .data               network.o
    0x20000150   COMPRESSED   0x00000010   Data   RW           56    .data               network.o
    0x20000160   COMPRESSED   0x00000010   Data   RW           57    .data               network.o
    0x20000170   COMPRESSED   0x00000010   Data   RW           58    .data               network.o
    0x20000180   COMPRESSED   0x00000010   Data   RW           59    .data               network.o
    0x20000190   COMPRESSED   0x00000010   Data   RW           60    .data               network.o
    0x200001a0   COMPRESSED   0x00000004   Data   RW           61    .data               network.o
    0x200001a4   COMPRESSED   0x00000004   Data   RW           62    .data               network.o
    0x200001a8   COMPRESSED   0x00000004   Data   RW           63    .data               network.o
    0x200001ac   COMPRESSED   0x00000004   Data   RW           64    .data               network.o
    0x200001b0   COMPRESSED   0x00000030   Data   RW           65    .data               network.o
    0x200001e0   COMPRESSED   0x00000004   Data   RW           66    .data               network.o
    0x200001e4   COMPRESSED   0x00000004   Data   RW           67    .data               network.o
    0x200001e8   COMPRESSED   0x00000008   Data   RW           68    .data               network.o
    0x200001f0   COMPRESSED   0x00000004   Data   RW           69    .data               network.o
    0x200001f4   COMPRESSED   0x00000030   Data   RW           70    .data               network.o
    0x20000224   COMPRESSED   0x00000004   Data   RW           71    .data               network.o
    0x20000228   COMPRESSED   0x00000004   Data   RW           72    .data               network.o
    0x2000022c   COMPRESSED   0x00000004   Data   RW           73    .data               network.o
    0x20000230   COMPRESSED   0x00000004   Data   RW           74    .data               network.o
    0x20000234   COMPRESSED   0x00000030   Data   RW           75    .data               network.o
    0x20000264   COMPRESSED   0x00000004   Data   RW           76    .data               network.o
    0x20000268   COMPRESSED   0x00000004   Data   RW           77    .data               network.o
    0x2000026c   COMPRESSED   0x00000008   Data   RW           78    .data               network.o
    0x20000274   COMPRESSED   0x00000004   Data   RW           79    .data               network.o
    0x20000278   COMPRESSED   0x00000030   Data   RW           80    .data               network.o
    0x200002a8   COMPRESSED   0x00000004   Data   RW           81    .data               network.o
    0x200002ac   COMPRESSED   0x00000004   Data   RW           82    .data               network.o
    0x200002b0   COMPRESSED   0x00000004   Data   RW           83    .data               network.o
    0x200002b4   COMPRESSED   0x00000004   Data   RW           84    .data               network.o
    0x200002b8   COMPRESSED   0x00000030   Data   RW           85    .data               network.o
    0x200002e8   COMPRESSED   0x00000004   Data   RW           86    .data               network.o
    0x200002ec   COMPRESSED   0x00000004   Data   RW           87    .data               network.o
    0x200002f0   COMPRESSED   0x00000008   Data   RW           88    .data               network.o
    0x200002f8   COMPRESSED   0x00000004   Data   RW           89    .data               network.o
    0x200002fc   COMPRESSED   0x00000030   Data   RW           90    .data               network.o
    0x2000032c   COMPRESSED   0x00000010   Data   RW           91    .data               network.o
    0x2000033c   COMPRESSED   0x0000001c   Data   RW           92    .data               network.o
    0x20000358   COMPRESSED   0x00000010   Data   RW           93    .data               network.o
    0x20000368   COMPRESSED   0x0000001c   Data   RW           94    .data               network.o
    0x20000384   COMPRESSED   0x00000004   Data   RW           95    .data               network.o
    0x20000388   COMPRESSED   0x00000008   Data   RW           96    .data               network.o
    0x20000390   COMPRESSED   0x0000000c   Data   RW           97    .data               network.o
    0x2000039c   COMPRESSED   0x00000004   Data   RW           98    .data               network.o
    0x200003a0   COMPRESSED   0x00000008   Data   RW           99    .data               network.o
    0x200003a8   COMPRESSED   0x0000000c   Data   RW          100    .data               network.o
    0x200003b4   COMPRESSED   0x00000018   Data   RW          101    .data               network.o
    0x200003cc   COMPRESSED   0x00000124   Data   RW          102    .data               network.o
    0x200004f0   COMPRESSED   0x0000001c   Data   RW          103    .data               network.o
    0x2000050c   COMPRESSED   0x0000001c   Data   RW          104    .data               network.o
    0x20000528   COMPRESSED   0x0000001c   Data   RW          105    .data               network.o
    0x20000544   COMPRESSED   0x0000001c   Data   RW          106    .data               network.o
    0x20000560   COMPRESSED   0x0000001c   Data   RW          107    .data               network.o
    0x2000057c   COMPRESSED   0x0000001c   Data   RW          108    .data               network.o
    0x20000598   COMPRESSED   0x0000001c   Data   RW          109    .data               network.o
    0x200005b4   COMPRESSED   0x0000001c   Data   RW          110    .data               network.o
    0x200005d0   COMPRESSED   0x0000001c   Data   RW          111    .data               network.o
    0x200005ec   COMPRESSED   0x0000001c   Data   RW          112    .data               network.o
    0x20000608   COMPRESSED   0x0000001c   Data   RW          113    .data               network.o
    0x20000624   COMPRESSED   0x0000001c   Data   RW          114    .data               network.o
    0x20000640   COMPRESSED   0x0000001c   Data   RW          115    .data               network.o
    0x2000065c   COMPRESSED   0x00000024   Data   RW          116    .data               network.o
    0x20000680   COMPRESSED   0x0000001c   Data   RW          117    .data               network.o
    0x2000069c   COMPRESSED   0x00000020   Data   RW          118    .data               network.o
    0x200006bc   COMPRESSED   0x0000001c   Data   RW          119    .data               network.o
    0x200006d8   COMPRESSED   0x00000020   Data   RW          120    .data               network.o
    0x200006f8   COMPRESSED   0x0000001c   Data   RW          121    .data               network.o
    0x20000714   COMPRESSED   0x00000010   Data   RW          389    .data               network_data.o
    0x20000724   COMPRESSED   0x00000010   Data   RW          390    .data               network_data.o
    0x20000734   COMPRESSED   0x0000001c   Data   RW          391    .data               network_data.o
    0x20000750   COMPRESSED   0x0000001c   Data   RW          392    .data               network_data.o
    0x2000076c   COMPRESSED   0x00000004   Data   RW          465    .data               main.o
    0x20000770   COMPRESSED   0x0000000c   Data   RW         1794    .data               stm32f4xx_hal.o
    0x2000077c   COMPRESSED   0x00000004   Data   RW         2392    .data               system_stm32f4xx.o
    0x20000780   COMPRESSED   0x00000004   Data   RW         4166    .data               mc_w.l(stdout.o)
    0x20000784   COMPRESSED   0x00000004   Data   RW         4178    .data               mc_w.l(errno.o)
    0x20000788        -       0x0000001c   Zero   RW           23    .bss                network.o
    0x200007a4        -       0x00000010   Zero   RW           24    .bss                network.o
    0x200007b4        -       0x0000001c   Zero   RW           25    .bss                network.o
    0x200007d0        -       0x00000010   Zero   RW           26    .bss                network.o
    0x200007e0        -       0x000000b0   Zero   RW          464    .bss                main.o
    0x20000890        -       0x00000048   Zero   RW          652    .bss                usart.o
    0x200008d8        -       0x00000800   Zero   RW            1    STACK               startup_stm32f411xe.o


==============================================================================

Image component sizes


      Code (inc. data)   RO Data    RW Data    ZI Data      Debug   Object Name

        44          6          0          0          0        723   gpio.o
      1020        366          0          4        176     401909   main.o
       372         30         48       1812         88      56141   network.o
        40          4        104         88          0      15569   network_data.o
         0          0        976          0          0      15046   network_data_params.o
        36          8        408          0       2048        812   startup_stm32f411xe.o
       144         24          0         12          0       8457   stm32f4xx_hal.o
       198         14          0          0          0      33675   stm32f4xx_hal_cortex.o
       182          0          0          0          0       2027   stm32f4xx_hal_dma.o
       480         34          0          0          0       1460   stm32f4xx_hal_gpio.o
        48          6          0          0          0        782   stm32f4xx_hal_msp.o
      1344         72          0          0          0       5116   stm32f4xx_hal_rcc.o
      1752         14          0          0          0      11355   stm32f4xx_hal_uart.o
        32          6          0          0          0       4302   stm32f4xx_it.o
        16          4         24          4          0       1035   system_stm32f4xx.o
       180         22          0          0         72       1582   usart.o

    ----------------------------------------------------------------------
      5902        610       1612       1920       2384     559991   Object Totals
         0          0         32          0          0          0   (incl. Generated)
        14          0         20          0          0          0   (incl. Padding)

    ----------------------------------------------------------------------

      Code (inc. data)   RO Data    RW Data    ZI Data      Debug   Library Member Name

       330         52          0          0          0        244   ai_datatypes_format.o
        52          6          0          0          0        232   ai_datatypes_internal.o
       158          8          0          0          0        368   ai_platform.o
      2212         76        104          0          0       2764   ai_platform_interface.o
        42          0          0          0          0        348   core_common.o
       226          6          0          0          0        628   layers.o
       328          6          0          0          0        148   layers_conv2d_generic_float.o
       430         12          0          0          0        508   layers_nl_generic_float.o
      1336         28          0          0          0        860   lite_dense_if32.o
        86          0          0          0          0        140   lite_nl_generic_float.o
       172          4          0          0          0        116   lite_nl_relu_if32of32.o
       164          6          0          0          0        152   lite_nl_softmax_if32of32.o
       144          0          0          0          0        132   st_int8_fill.o
       488         62         48          0          0        236   expf.o
        38          0          0          0          0        116   fpclassifyf.o
        38         12          0          0          0        348   funder.o
        56          8          0          0          0         84   __0sscanf.o
        86          0          0          0          0          0   __dczerorl2.o
       812          4          0          0          0        112   _scanf.o
        64          0          0          0          0         84   _sgetc.o
        40          6         64          0          0         68   ctype_c.o
         0          0          0          0          0          0   entry.o
         0          0          0          0          0          0   entry10a.o
         0          0          0          0          0          0   entry11a.o
         8          4          0          0          0          0   entry2.o
         4          0          0          0          0          0   entry5.o
         0          0          0          0          0          0   entry7b.o
         0          0          0          0          0          0   entry8b.o
         8          4          0          0          0          0   entry9a.o
        12          6          0          4          0         68   errno.o
        30          0          0          0          0          0   handlers.o
        36          8          0          0          0         68   init.o
        10          0          0          0          0         68   isspace_c.o
         0          0          0          0          0          0   iusefp.o
        30          0          0          0          0         68   llshl.o
        36          0          0          0          0         68   llsshr.o
        32          0          0          0          0         68   llushr.o
        26          0          0          0          0         80   memcmp.o
        36          0          0          0          0         68   memcpya.o
        36          0          0          0          0        108   memseta.o
      2258         90          0          0          0        452   printfa.o
        40          8          0          0          0         84   scanf_char.o
       878         12          0          0          0        216   scanf_fp.o
         0          0          0          4          0          0   stdout.o
        44          0          0          0          0         80   uidiv.o
        98          0          0          0          0         92   uldiv.o
        48          0          0          0          0         68   cdrcmple.o
        56          0          0          0          0         88   d2f.o
       334          0          0          0          0        148   dadd.o
       222          0          0          0          0        100   ddiv.o
       186          0          0          0          0        176   depilogue.o
        48          0          0          0          0         68   dfixul.o
        24          0          0          0          0         76   dfltul.o
       228          0          0          0          0         96   dmul.o
        38          0          0          0          0         68   f2d.o
       110          0          0          0          0        168   fepilogue.o

    ----------------------------------------------------------------------
     12238        428        216          8          0      10332   Library Totals
        20          0          0          0          0          0   (incl. Padding)

    ----------------------------------------------------------------------

      Code (inc. data)   RO Data    RW Data    ZI Data      Debug   Library Name

      5680        204        104          0          0       6640   NetworkRuntime1020_CM4_Keil.lib
       564         74         48          0          0        700   m_wm.l
      4680        150         64          8          0       1936   mc_w.l
      1294          0          0          0          0       1056   mf_w.l

    ----------------------------------------------------------------------
     12238        428        216          8          0      10332   Library Totals

    ----------------------------------------------------------------------

==============================================================================


      Code (inc. data)   RO Data    RW Data    ZI Data      Debug   

     18140       1038       1828       1928       2384     558347   Grand Totals
     18140       1038       1828        656       2384     558347   ELF Image Totals (compressed)
     18140       1038       1828        656          0          0   ROM Totals

==============================================================================

    Total RO  Size (Code + RO Data)                19968 (  19.50kB)
    Total RW  Size (RW Data + ZI Data)              4312 (   4.21kB)
    Total ROM Size (Code + RO Data + RW Data)      20624 (  20.14kB)

==============================================================================

